// Jest Snapshot v1, https://goo.gl/fbAQLP

exports[`(Component) DemoPage Should match snapshot 1`] = `
<div>
  <h2>
    DemoPage
  </h2>
  <Connect(Demo) />
</div>
`;
