// Jest Snapshot v1, https://goo.gl/fbAQLP

exports[`(Component) Login Should match snapshot 1`] = `
<div>
  Login
</div>
`;
