// Jest Snapshot v1, https://goo.gl/fbAQLP

exports[`(Component) Dashboard Should match snapshot 1`] = `
<div>
  Dashboard
</div>
`;
